<?xml version="1.0" encoding="ISO-8859-1" ?>
<link_info>
   <banner>MSP430 Linker PC v18.1.7.LTS</banner>
   <copyright>Copyright (c) 2003-2018 Texas Instruments Incorporated</copyright>
   <link_time>0x5dc99a1e</link_time>
   <link_errors>0x0</link_errors>
   <output_file>Problema_3_final.out</output_file>
   <entry_point>
      <name>_c_int00_noargs_mpu</name>
      <address>0xb6a4</address>
   </entry_point>
   <input_file_list>
      <input_file id="fl-2">
         <path>.\</path>
         <kind>object</kind>
         <file>main.obj</file>
         <name>main.obj</name>
      </input_file>
      <input_file id="fl-8">
         <kind>object</kind>
         <file>&lt;internal&gt;</file>
         <name>&lt;internal&gt;</name>
      </input_file>
      <input_file id="fl-23">
         <path>C:\ti\ccsv8\tools\compiler\ti-cgt-msp430_18.1.7.LTS\lib\</path>
         <kind>archive</kind>
         <file>rts430x_lc_sd_eabi.lib</file>
         <name>copy_decompress_lzss.c.obj</name>
      </input_file>
      <input_file id="fl-24">
         <path>C:\ti\ccsv8\tools\compiler\ti-cgt-msp430_18.1.7.LTS\lib\</path>
         <kind>archive</kind>
         <file>rts430x_lc_sd_eabi.lib</file>
         <name>copy_decompress_none.c.obj</name>
      </input_file>
      <input_file id="fl-25">
         <path>C:\ti\ccsv8\tools\compiler\ti-cgt-msp430_18.1.7.LTS\lib\</path>
         <kind>archive</kind>
         <file>rts430x_lc_sd_eabi.lib</file>
         <name>int22.asm.obj</name>
      </input_file>
      <input_file id="fl-26">
         <path>C:\ti\ccsv8\tools\compiler\ti-cgt-msp430_18.1.7.LTS\lib\</path>
         <kind>archive</kind>
         <file>rts430x_lc_sd_eabi.lib</file>
         <name>isr_trap.asm.obj</name>
      </input_file>
      <input_file id="fl-27">
         <path>C:\ti\ccsv8\tools\compiler\ti-cgt-msp430_18.1.7.LTS\lib\</path>
         <kind>archive</kind>
         <file>rts430x_lc_sd_eabi.lib</file>
         <name>int23.asm.obj</name>
      </input_file>
      <input_file id="fl-28">
         <path>C:\ti\ccsv8\tools\compiler\ti-cgt-msp430_18.1.7.LTS\lib\</path>
         <kind>archive</kind>
         <file>rts430x_lc_sd_eabi.lib</file>
         <name>int24.asm.obj</name>
      </input_file>
      <input_file id="fl-29">
         <path>C:\ti\ccsv8\tools\compiler\ti-cgt-msp430_18.1.7.LTS\lib\</path>
         <kind>archive</kind>
         <file>rts430x_lc_sd_eabi.lib</file>
         <name>int25.asm.obj</name>
      </input_file>
      <input_file id="fl-2a">
         <path>C:\ti\ccsv8\tools\compiler\ti-cgt-msp430_18.1.7.LTS\lib\</path>
         <kind>archive</kind>
         <file>rts430x_lc_sd_eabi.lib</file>
         <name>int26.asm.obj</name>
      </input_file>
      <input_file id="fl-2b">
         <path>C:\ti\ccsv8\tools\compiler\ti-cgt-msp430_18.1.7.LTS\lib\</path>
         <kind>archive</kind>
         <file>rts430x_lc_sd_eabi.lib</file>
         <name>int27.asm.obj</name>
      </input_file>
      <input_file id="fl-2c">
         <path>C:\ti\ccsv8\tools\compiler\ti-cgt-msp430_18.1.7.LTS\lib\</path>
         <kind>archive</kind>
         <file>rts430x_lc_sd_eabi.lib</file>
         <name>int28.asm.obj</name>
      </input_file>
      <input_file id="fl-2d">
         <path>C:\ti\ccsv8\tools\compiler\ti-cgt-msp430_18.1.7.LTS\lib\</path>
         <kind>archive</kind>
         <file>rts430x_lc_sd_eabi.lib</file>
         <name>int29.asm.obj</name>
      </input_file>
      <input_file id="fl-2e">
         <path>C:\ti\ccsv8\tools\compiler\ti-cgt-msp430_18.1.7.LTS\lib\</path>
         <kind>archive</kind>
         <file>rts430x_lc_sd_eabi.lib</file>
         <name>int30.asm.obj</name>
      </input_file>
      <input_file id="fl-2f">
         <path>C:\ti\ccsv8\tools\compiler\ti-cgt-msp430_18.1.7.LTS\lib\</path>
         <kind>archive</kind>
         <file>rts430x_lc_sd_eabi.lib</file>
         <name>int32.asm.obj</name>
      </input_file>
      <input_file id="fl-30">
         <path>C:\ti\ccsv8\tools\compiler\ti-cgt-msp430_18.1.7.LTS\lib\</path>
         <kind>archive</kind>
         <file>rts430x_lc_sd_eabi.lib</file>
         <name>int33.asm.obj</name>
      </input_file>
      <input_file id="fl-31">
         <path>C:\ti\ccsv8\tools\compiler\ti-cgt-msp430_18.1.7.LTS\lib\</path>
         <kind>archive</kind>
         <file>rts430x_lc_sd_eabi.lib</file>
         <name>int34.asm.obj</name>
      </input_file>
      <input_file id="fl-32">
         <path>C:\ti\ccsv8\tools\compiler\ti-cgt-msp430_18.1.7.LTS\lib\</path>
         <kind>archive</kind>
         <file>rts430x_lc_sd_eabi.lib</file>
         <name>int35.asm.obj</name>
      </input_file>
      <input_file id="fl-33">
         <path>C:\ti\ccsv8\tools\compiler\ti-cgt-msp430_18.1.7.LTS\lib\</path>
         <kind>archive</kind>
         <file>rts430x_lc_sd_eabi.lib</file>
         <name>int36.asm.obj</name>
      </input_file>
      <input_file id="fl-34">
         <path>C:\ti\ccsv8\tools\compiler\ti-cgt-msp430_18.1.7.LTS\lib\</path>
         <kind>archive</kind>
         <file>rts430x_lc_sd_eabi.lib</file>
         <name>int37.asm.obj</name>
      </input_file>
      <input_file id="fl-35">
         <path>C:\ti\ccsv8\tools\compiler\ti-cgt-msp430_18.1.7.LTS\lib\</path>
         <kind>archive</kind>
         <file>rts430x_lc_sd_eabi.lib</file>
         <name>int38.asm.obj</name>
      </input_file>
      <input_file id="fl-36">
         <path>C:\ti\ccsv8\tools\compiler\ti-cgt-msp430_18.1.7.LTS\lib\</path>
         <kind>archive</kind>
         <file>rts430x_lc_sd_eabi.lib</file>
         <name>int39.asm.obj</name>
      </input_file>
      <input_file id="fl-37">
         <path>C:\ti\ccsv8\tools\compiler\ti-cgt-msp430_18.1.7.LTS\lib\</path>
         <kind>archive</kind>
         <file>rts430x_lc_sd_eabi.lib</file>
         <name>int40.asm.obj</name>
      </input_file>
      <input_file id="fl-38">
         <path>C:\ti\ccsv8\tools\compiler\ti-cgt-msp430_18.1.7.LTS\lib\</path>
         <kind>archive</kind>
         <file>rts430x_lc_sd_eabi.lib</file>
         <name>int41.asm.obj</name>
      </input_file>
      <input_file id="fl-39">
         <path>C:\ti\ccsv8\tools\compiler\ti-cgt-msp430_18.1.7.LTS\lib\</path>
         <kind>archive</kind>
         <file>rts430x_lc_sd_eabi.lib</file>
         <name>int42.asm.obj</name>
      </input_file>
      <input_file id="fl-3a">
         <path>C:\ti\ccsv8\tools\compiler\ti-cgt-msp430_18.1.7.LTS\lib\</path>
         <kind>archive</kind>
         <file>rts430x_lc_sd_eabi.lib</file>
         <name>int44.asm.obj</name>
      </input_file>
      <input_file id="fl-3b">
         <path>C:\ti\ccsv8\tools\compiler\ti-cgt-msp430_18.1.7.LTS\lib\</path>
         <kind>archive</kind>
         <file>rts430x_lc_sd_eabi.lib</file>
         <name>int45.asm.obj</name>
      </input_file>
      <input_file id="fl-3c">
         <path>C:\ti\ccsv8\tools\compiler\ti-cgt-msp430_18.1.7.LTS\lib\</path>
         <kind>archive</kind>
         <file>rts430x_lc_sd_eabi.lib</file>
         <name>copy_zero_init.c.obj</name>
      </input_file>
      <input_file id="fl-3d">
         <path>C:\ti\ccsv8\tools\compiler\ti-cgt-msp430_18.1.7.LTS\lib\</path>
         <kind>archive</kind>
         <file>rts430x_lc_sd_eabi.lib</file>
         <name>cpy_util.asm.obj</name>
      </input_file>
      <input_file id="fl-3e">
         <path>C:\ti\ccsv8\tools\compiler\ti-cgt-msp430_18.1.7.LTS\lib\</path>
         <kind>archive</kind>
         <file>rts430x_lc_sd_eabi.lib</file>
         <name>fs_add.asm.obj</name>
      </input_file>
      <input_file id="fl-3f">
         <path>C:\ti\ccsv8\tools\compiler\ti-cgt-msp430_18.1.7.LTS\lib\</path>
         <kind>archive</kind>
         <file>rts430x_lc_sd_eabi.lib</file>
         <name>cvtdf.c.obj</name>
      </input_file>
      <input_file id="fl-40">
         <path>C:\ti\ccsv8\tools\compiler\ti-cgt-msp430_18.1.7.LTS\lib\</path>
         <kind>archive</kind>
         <file>rts430x_lc_sd_eabi.lib</file>
         <name>cvtfd.c.obj</name>
      </input_file>
      <input_file id="fl-41">
         <path>C:\ti\ccsv8\tools\compiler\ti-cgt-msp430_18.1.7.LTS\lib\</path>
         <kind>archive</kind>
         <file>rts430x_lc_sd_eabi.lib</file>
         <name>fs_div.asm.obj</name>
      </input_file>
      <input_file id="fl-42">
         <path>C:\ti\ccsv8\tools\compiler\ti-cgt-msp430_18.1.7.LTS\lib\</path>
         <kind>archive</kind>
         <file>rts430x_lc_sd_eabi.lib</file>
         <name>div16s.asm.obj</name>
      </input_file>
      <input_file id="fl-43">
         <path>C:\ti\ccsv8\tools\compiler\ti-cgt-msp430_18.1.7.LTS\lib\</path>
         <kind>archive</kind>
         <file>rts430x_lc_sd_eabi.lib</file>
         <name>div16u.asm.obj</name>
      </input_file>
      <input_file id="fl-44">
         <path>C:\ti\ccsv8\tools\compiler\ti-cgt-msp430_18.1.7.LTS\lib\</path>
         <kind>archive</kind>
         <file>rts430x_lc_sd_eabi.lib</file>
         <name>fs_toi.asm.obj</name>
      </input_file>
      <input_file id="fl-45">
         <path>C:\ti\ccsv8\tools\compiler\ti-cgt-msp430_18.1.7.LTS\lib\</path>
         <kind>archive</kind>
         <file>rts430x_lc_sd_eabi.lib</file>
         <name>fltid.c.obj</name>
      </input_file>
      <input_file id="fl-46">
         <path>C:\ti\ccsv8\tools\compiler\ti-cgt-msp430_18.1.7.LTS\lib\</path>
         <kind>archive</kind>
         <file>rts430x_lc_sd_eabi.lib</file>
         <name>fs_itof.asm.obj</name>
      </input_file>
      <input_file id="fl-47">
         <path>C:\ti\ccsv8\tools\compiler\ti-cgt-msp430_18.1.7.LTS\lib\</path>
         <kind>archive</kind>
         <file>rts430x_lc_sd_eabi.lib</file>
         <name>fltlid.c.obj</name>
      </input_file>
      <input_file id="fl-48">
         <path>C:\ti\ccsv8\tools\compiler\ti-cgt-msp430_18.1.7.LTS\lib\</path>
         <kind>archive</kind>
         <file>rts430x_lc_sd_eabi.lib</file>
         <name>fs_utof.asm.obj</name>
      </input_file>
      <input_file id="fl-49">
         <path>C:\ti\ccsv8\tools\compiler\ti-cgt-msp430_18.1.7.LTS\lib\</path>
         <kind>archive</kind>
         <file>rts430x_lc_sd_eabi.lib</file>
         <name>mpyd.c.obj</name>
      </input_file>
      <input_file id="fl-4a">
         <path>C:\ti\ccsv8\tools\compiler\ti-cgt-msp430_18.1.7.LTS\lib\</path>
         <kind>archive</kind>
         <file>rts430x_lc_sd_eabi.lib</file>
         <name>frcmpyd.c.obj</name>
      </input_file>
      <input_file id="fl-4b">
         <path>C:\ti\ccsv8\tools\compiler\ti-cgt-msp430_18.1.7.LTS\lib\</path>
         <kind>archive</kind>
         <file>rts430x_lc_sd_eabi.lib</file>
         <name>fs_mpy.asm.obj</name>
      </input_file>
      <input_file id="fl-4c">
         <path>C:\ti\ccsv8\tools\compiler\ti-cgt-msp430_18.1.7.LTS\lib\</path>
         <kind>archive</kind>
         <file>rts430x_lc_sd_eabi.lib</file>
         <name>mult16_f5hw.asm.obj</name>
      </input_file>
      <input_file id="fl-4d">
         <path>C:\ti\ccsv8\tools\compiler\ti-cgt-msp430_18.1.7.LTS\lib\</path>
         <kind>archive</kind>
         <file>rts430x_lc_sd_eabi.lib</file>
         <name>mult32.asm.obj</name>
      </input_file>
      <input_file id="fl-4e">
         <path>C:\ti\ccsv8\tools\compiler\ti-cgt-msp430_18.1.7.LTS\lib\</path>
         <kind>archive</kind>
         <file>rts430x_lc_sd_eabi.lib</file>
         <name>mult32_f5hw.asm.obj</name>
      </input_file>
      <input_file id="fl-4f">
         <path>C:\ti\ccsv8\tools\compiler\ti-cgt-msp430_18.1.7.LTS\lib\</path>
         <kind>archive</kind>
         <file>rts430x_lc_sd_eabi.lib</file>
         <name>mult64_f5hw.asm.obj</name>
      </input_file>
      <input_file id="fl-50">
         <path>C:\ti\ccsv8\tools\compiler\ti-cgt-msp430_18.1.7.LTS\lib\</path>
         <kind>archive</kind>
         <file>rts430x_lc_sd_eabi.lib</file>
         <name>mult1632_f5hw.asm.obj</name>
      </input_file>
      <input_file id="fl-51">
         <path>C:\ti\ccsv8\tools\compiler\ti-cgt-msp430_18.1.7.LTS\lib\</path>
         <kind>archive</kind>
         <file>rts430x_lc_sd_eabi.lib</file>
         <name>mult3264_f5hw.asm.obj</name>
      </input_file>
      <input_file id="fl-52">
         <path>C:\ti\ccsv8\tools\compiler\ti-cgt-msp430_18.1.7.LTS\lib\</path>
         <kind>archive</kind>
         <file>rts430x_lc_sd_eabi.lib</file>
         <name>lsl16.asm.obj</name>
      </input_file>
      <input_file id="fl-53">
         <path>C:\ti\ccsv8\tools\compiler\ti-cgt-msp430_18.1.7.LTS\lib\</path>
         <kind>archive</kind>
         <file>rts430x_lc_sd_eabi.lib</file>
         <name>lsl32.asm.obj</name>
      </input_file>
      <input_file id="fl-54">
         <path>C:\ti\ccsv8\tools\compiler\ti-cgt-msp430_18.1.7.LTS\lib\</path>
         <kind>archive</kind>
         <file>rts430x_lc_sd_eabi.lib</file>
         <name>asr32.asm.obj</name>
      </input_file>
      <input_file id="fl-55">
         <path>C:\ti\ccsv8\tools\compiler\ti-cgt-msp430_18.1.7.LTS\lib\</path>
         <kind>archive</kind>
         <file>rts430x_lc_sd_eabi.lib</file>
         <name>lsr32.asm.obj</name>
      </input_file>
      <input_file id="fl-56">
         <path>C:\ti\ccsv8\tools\compiler\ti-cgt-msp430_18.1.7.LTS\lib\</path>
         <kind>archive</kind>
         <file>rts430x_lc_sd_eabi.lib</file>
         <name>lsr64.c.obj</name>
      </input_file>
      <input_file id="fl-57">
         <path>C:\ti\ccsv8\tools\compiler\ti-cgt-msp430_18.1.7.LTS\lib\</path>
         <kind>archive</kind>
         <file>rts430x_lc_sd_eabi.lib</file>
         <name>boot.c.obj</name>
      </input_file>
      <input_file id="fl-58">
         <path>C:\ti\ccsv8\ccs_base\msp430\lib\FR2xx\</path>
         <kind>archive</kind>
         <file>FRWP_INIT_LIB_CCS_msp430_large_code_small_data.lib</file>
         <name>frwp_init.obj</name>
      </input_file>
      <input_file id="fl-59">
         <path>C:\ti\ccsv8\tools\compiler\ti-cgt-msp430_18.1.7.LTS\lib\</path>
         <kind>archive</kind>
         <file>rts430x_lc_sd_eabi.lib</file>
         <name>args_main.c.obj</name>
      </input_file>
      <input_file id="fl-5a">
         <path>C:\ti\ccsv8\tools\compiler\ti-cgt-msp430_18.1.7.LTS\lib\</path>
         <kind>archive</kind>
         <file>rts430x_lc_sd_eabi.lib</file>
         <name>autoinit.c.obj</name>
      </input_file>
      <input_file id="fl-5b">
         <path>C:\ti\ccsv8\tools\compiler\ti-cgt-msp430_18.1.7.LTS\lib\</path>
         <kind>archive</kind>
         <file>rts430x_lc_sd_eabi.lib</file>
         <name>startup.c.obj</name>
      </input_file>
      <input_file id="fl-5c">
         <path>C:\ti\ccsv8\tools\compiler\ti-cgt-msp430_18.1.7.LTS\lib\</path>
         <kind>archive</kind>
         <file>rts430x_lc_sd_eabi.lib</file>
         <name>pre_init.c.obj</name>
      </input_file>
      <input_file id="fl-5d">
         <path>C:\ti\ccsv8\tools\compiler\ti-cgt-msp430_18.1.7.LTS\lib\</path>
         <kind>archive</kind>
         <file>rts430x_lc_sd_eabi.lib</file>
         <name>cpy_tbl.c.obj</name>
      </input_file>
      <input_file id="fl-5e">
         <path>C:\ti\ccsv8\tools\compiler\ti-cgt-msp430_18.1.7.LTS\lib\</path>
         <kind>archive</kind>
         <file>rts430x_lc_sd_eabi.lib</file>
         <name>mult16.asm.obj</name>
      </input_file>
      <input_file id="fl-5f">
         <path>C:\ti\ccsv8\tools\compiler\ti-cgt-msp430_18.1.7.LTS\lib\</path>
         <kind>archive</kind>
         <file>rts430x_lc_sd_eabi.lib</file>
         <name>exit.c.obj</name>
      </input_file>
      <input_file id="fl-60">
         <path>C:\ti\ccsv8\tools\compiler\ti-cgt-msp430_18.1.7.LTS\lib\</path>
         <kind>archive</kind>
         <file>rts430x_lc_sd_eabi.lib</file>
         <name>exit_gvars.c.obj</name>
      </input_file>
      <input_file id="fl-61">
         <path>C:\ti\ccsv8\tools\compiler\ti-cgt-msp430_18.1.7.LTS\lib\</path>
         <kind>archive</kind>
         <file>rts430x_lc_sd_eabi.lib</file>
         <name>_lock.c.obj</name>
      </input_file>
      <input_file id="fl-62">
         <path>C:\ti\ccsv8\tools\compiler\ti-cgt-msp430_18.1.7.LTS\lib\</path>
         <kind>archive</kind>
         <file>rts430x_lc_sd_eabi.lib</file>
         <name>memcpy.c.obj</name>
      </input_file>
      <input_file id="fl-63">
         <path>C:\ti\ccsv8\tools\compiler\ti-cgt-msp430_18.1.7.LTS\lib\</path>
         <kind>archive</kind>
         <file>rts430x_lc_sd_eabi.lib</file>
         <name>e_pow.c.obj</name>
      </input_file>
      <input_file id="fl-64">
         <path>C:\ti\ccsv8\tools\compiler\ti-cgt-msp430_18.1.7.LTS\lib\</path>
         <kind>archive</kind>
         <file>rts430x_lc_sd_eabi.lib</file>
         <name>addd.c.obj</name>
      </input_file>
      <input_file id="fl-65">
         <path>C:\ti\ccsv8\tools\compiler\ti-cgt-msp430_18.1.7.LTS\lib\</path>
         <kind>archive</kind>
         <file>rts430x_lc_sd_eabi.lib</file>
         <name>frcaddd.c.obj</name>
      </input_file>
      <input_file id="fl-66">
         <path>C:\ti\ccsv8\tools\compiler\ti-cgt-msp430_18.1.7.LTS\lib\</path>
         <kind>archive</kind>
         <file>rts430x_lc_sd_eabi.lib</file>
         <name>renormd.c.obj</name>
      </input_file>
      <input_file id="fl-67">
         <path>C:\ti\ccsv8\tools\compiler\ti-cgt-msp430_18.1.7.LTS\lib\</path>
         <kind>archive</kind>
         <file>rts430x_lc_sd_eabi.lib</file>
         <name>cmpd.c.obj</name>
      </input_file>
      <input_file id="fl-68">
         <path>C:\ti\ccsv8\tools\compiler\ti-cgt-msp430_18.1.7.LTS\lib\</path>
         <kind>archive</kind>
         <file>rts430x_lc_sd_eabi.lib</file>
         <name>divd.c.obj</name>
      </input_file>
      <input_file id="fl-69">
         <path>C:\ti\ccsv8\tools\compiler\ti-cgt-msp430_18.1.7.LTS\lib\</path>
         <kind>archive</kind>
         <file>rts430x_lc_sd_eabi.lib</file>
         <name>frcdivd.c.obj</name>
      </input_file>
      <input_file id="fl-6a">
         <path>C:\ti\ccsv8\tools\compiler\ti-cgt-msp430_18.1.7.LTS\lib\</path>
         <kind>archive</kind>
         <file>rts430x_lc_sd_eabi.lib</file>
         <name>negd.c.obj</name>
      </input_file>
      <input_file id="fl-6b">
         <path>C:\ti\ccsv8\tools\compiler\ti-cgt-msp430_18.1.7.LTS\lib\</path>
         <kind>archive</kind>
         <file>rts430x_lc_sd_eabi.lib</file>
         <name>subd.c.obj</name>
      </input_file>
      <input_file id="fl-6c">
         <path>C:\ti\ccsv8\tools\compiler\ti-cgt-msp430_18.1.7.LTS\lib\</path>
         <kind>archive</kind>
         <file>rts430x_lc_sd_eabi.lib</file>
         <name>errno.c.obj</name>
      </input_file>
      <input_file id="fl-6d">
         <path>C:\ti\ccsv8\tools\compiler\ti-cgt-msp430_18.1.7.LTS\lib\</path>
         <kind>archive</kind>
         <file>rts430x_lc_sd_eabi.lib</file>
         <name>s_scalbn.c.obj</name>
      </input_file>
      <input_file id="fl-6e">
         <path>C:\ti\ccsv8\tools\compiler\ti-cgt-msp430_18.1.7.LTS\lib\</path>
         <kind>archive</kind>
         <file>rts430x_lc_sd_eabi.lib</file>
         <name>s_copysign.c.obj</name>
      </input_file>
      <input_file id="fl-6f">
         <path>C:\ti\ccsv8\tools\compiler\ti-cgt-msp430_18.1.7.LTS\lib\</path>
         <kind>archive</kind>
         <file>rts430x_lc_sd_eabi.lib</file>
         <name>e_sqrt.c.obj</name>
      </input_file>
   </input_file_list>
   <object_component_list>
      <object_component id="oc-7fb">
         <name>__TI_handler_table</name>
         <load_address>0x8000</load_address>
         <run_address>0x8000</run_address>
         <size>0xc</size>
      </object_component>
      <object_component id="oc-7fe">
         <name>.cinit..data.load</name>
         <load_address>0x800c</load_address>
         <run_address>0x800c</run_address>
         <size>0xb</size>
      </object_component>
      <object_component id="oc-7fd">
         <name>.cinit..bss.load</name>
         <load_address>0x8018</load_address>
         <run_address>0x8018</run_address>
         <size>0x6</size>
      </object_component>
      <object_component id="oc-7fc">
         <name>__TI_cinit_table</name>
         <load_address>0x801e</load_address>
         <run_address>0x801e</run_address>
         <size>0x10</size>
      </object_component>
      <object_component id="oc-79b">
         <name>.binit</name>
         <load_address>0x802e</load_address>
         <run_address>0x802e</run_address>
         <size>0x0</size>
      </object_component>
      <object_component id="oc-576">
         <name>.const:.string</name>
         <load_address>0x802e</load_address>
         <run_address>0x802e</run_address>
         <size>0x12</size>
         <input_file_ref idref="fl-2"/>
      </object_component>
      <object_component id="oc-6be">
         <name>.const:bp</name>
         <load_address>0x8040</load_address>
         <run_address>0x8040</run_address>
         <size>0x10</size>
         <input_file_ref idref="fl-63"/>
      </object_component>
      <object_component id="oc-6c7">
         <name>.const:dp_h</name>
         <load_address>0x8050</load_address>
         <run_address>0x8050</run_address>
         <size>0x10</size>
         <input_file_ref idref="fl-63"/>
      </object_component>
      <object_component id="oc-6ca">
         <name>.const:dp_l</name>
         <load_address>0x8060</load_address>
         <run_address>0x8060</run_address>
         <size>0x10</size>
         <input_file_ref idref="fl-63"/>
      </object_component>
      <object_component id="oc-61a">
         <name>.text:pow</name>
         <load_address>0x8070</load_address>
         <run_address>0x8070</run_address>
         <size>0x1130</size>
         <input_file_ref idref="fl-63"/>
      </object_component>
      <object_component id="oc-73a">
         <name>.text:__TI_frcdivd</name>
         <load_address>0x91a0</load_address>
         <run_address>0x91a0</run_address>
         <size>0x466</size>
         <input_file_ref idref="fl-69"/>
      </object_component>
      <object_component id="oc-694">
         <name>.text:__mspabi_addd</name>
         <load_address>0x9606</load_address>
         <run_address>0x9606</run_address>
         <size>0x2de</size>
         <input_file_ref idref="fl-64"/>
      </object_component>
      <object_component id="oc-6af">
         <name>.text:sqrt</name>
         <load_address>0x98e4</load_address>
         <run_address>0x98e4</run_address>
         <size>0x2dc</size>
         <input_file_ref idref="fl-6f"/>
      </object_component>
      <object_component id="oc-671">
         <name>.text:__TI_frcmpyd</name>
         <load_address>0x9bc0</load_address>
         <run_address>0x9bc0</run_address>
         <size>0x280</size>
         <input_file_ref idref="fl-4a"/>
      </object_component>
      <object_component id="oc-5f9">
         <name>.text:__mspabi_mpyd</name>
         <load_address>0x9e40</load_address>
         <run_address>0x9e40</run_address>
         <size>0x264</size>
         <input_file_ref idref="fl-49"/>
      </object_component>
      <object_component id="oc-72f">
         <name>.text:__TI_frcaddd</name>
         <load_address>0xa0a4</load_address>
         <run_address>0xa0a4</run_address>
         <size>0x248</size>
         <input_file_ref idref="fl-65"/>
      </object_component>
      <object_component id="oc-6a9">
         <name>.text:__mspabi_divd</name>
         <load_address>0xa2ec</load_address>
         <run_address>0xa2ec</run_address>
         <size>0x220</size>
         <input_file_ref idref="fl-68"/>
      </object_component>
      <object_component id="oc-6d3">
         <name>.text:scalbn</name>
         <load_address>0xa50c</load_address>
         <run_address>0xa50c</run_address>
         <size>0x158</size>
         <input_file_ref idref="fl-6d"/>
      </object_component>
      <object_component id="oc-514">
         <name>.text:main</name>
         <load_address>0xa664</load_address>
         <run_address>0xa664</run_address>
         <size>0x13e</size>
         <input_file_ref idref="fl-2"/>
      </object_component>
      <object_component id="oc-5e9">
         <name>.text</name>
         <load_address>0xa7a2</load_address>
         <run_address>0xa7a2</run_address>
         <size>0x132</size>
         <input_file_ref idref="fl-3e"/>
      </object_component>
      <object_component id="oc-66">
         <name>.text:decompress:lzss:__TI_decompress_lzss</name>
         <load_address>0xa8d4</load_address>
         <run_address>0xa8d4</run_address>
         <size>0xee</size>
         <input_file_ref idref="fl-23"/>
      </object_component>
      <object_component id="oc-6cd">
         <name>.text:__mspabi_cmpd</name>
         <load_address>0xa9c2</load_address>
         <run_address>0xa9c2</run_address>
         <size>0xd8</size>
         <input_file_ref idref="fl-67"/>
      </object_component>
      <object_component id="oc-564">
         <name>.text</name>
         <load_address>0xaa9a</load_address>
         <run_address>0xaa9a</run_address>
         <size>0xb8</size>
         <input_file_ref idref="fl-4b"/>
      </object_component>
      <object_component id="oc-77e">
         <name>.text:__TI_renormd</name>
         <load_address>0xab52</load_address>
         <run_address>0xab52</run_address>
         <size>0xb2</size>
         <input_file_ref idref="fl-66"/>
      </object_component>
      <object_component id="oc-68d">
         <name>.text:__mspabi_fltlid</name>
         <load_address>0xac04</load_address>
         <run_address>0xac04</run_address>
         <size>0x9e</size>
         <input_file_ref idref="fl-47"/>
      </object_component>
      <object_component id="oc-579">
         <name>.text:float_para_string</name>
         <load_address>0xaca2</load_address>
         <run_address>0xaca2</run_address>
         <size>0x94</size>
         <input_file_ref idref="fl-2"/>
      </object_component>
      <object_component id="oc-5ee">
         <name>.text</name>
         <load_address>0xad36</load_address>
         <run_address>0xad36</run_address>
         <size>0x90</size>
         <input_file_ref idref="fl-41"/>
      </object_component>
      <object_component id="oc-5ff">
         <name>.text:__mspabi_cvtdf</name>
         <load_address>0xadc6</load_address>
         <run_address>0xadc6</run_address>
         <size>0x8c</size>
         <input_file_ref idref="fl-3f"/>
      </object_component>
      <object_component id="oc-57f">
         <name>.text:convert_deci_hex</name>
         <load_address>0xae52</load_address>
         <run_address>0xae52</run_address>
         <size>0x7c</size>
         <input_file_ref idref="fl-2"/>
      </object_component>
      <object_component id="oc-5aa">
         <name>.text:__TI_auto_init_nobinit_nopinit_hold_wdt:__TI_auto_init_nobinit_nopinit_hold_wdt</name>
         <load_address>0xaece</load_address>
         <run_address>0xaece</run_address>
         <size>0x6a</size>
         <input_file_ref idref="fl-5a"/>
      </object_component>
      <object_component id="oc-569">
         <name>.text</name>
         <load_address>0xaf38</load_address>
         <run_address>0xaf38</run_address>
         <size>0x68</size>
         <input_file_ref idref="fl-44"/>
      </object_component>
      <object_component id="oc-5f3">
         <name>.text:__mspabi_cvtfd</name>
         <load_address>0xafa0</load_address>
         <run_address>0xafa0</run_address>
         <size>0x64</size>
         <input_file_ref idref="fl-40"/>
      </object_component>
      <object_component id="oc-60e">
         <name>.text:integer_pra_string</name>
         <load_address>0xb004</load_address>
         <run_address>0xb004</run_address>
         <size>0x60</size>
         <input_file_ref idref="fl-2"/>
      </object_component>
      <object_component id="oc-556">
         <name>.text:lcdInit</name>
         <load_address>0xb064</load_address>
         <run_address>0xb064</run_address>
         <size>0x60</size>
         <input_file_ref idref="fl-2"/>
      </object_component>
      <object_component id="oc-55c">
         <name>.text:valor_normalizado_vetor</name>
         <load_address>0xb0c4</load_address>
         <run_address>0xb0c4</run_address>
         <size>0x60</size>
         <input_file_ref idref="fl-2"/>
      </object_component>
      <object_component id="oc-550">
         <name>.text:i2cInit</name>
         <load_address>0xb124</load_address>
         <run_address>0xb124</run_address>
         <size>0x54</size>
         <input_file_ref idref="fl-2"/>
      </object_component>
      <object_component id="oc-4fe">
         <name>.text:adcRead</name>
         <load_address>0xb178</load_address>
         <run_address>0xb178</run_address>
         <size>0x4a</size>
         <input_file_ref idref="fl-2"/>
      </object_component>
      <object_component id="oc-48f">
         <name>.text:__memcpy_far</name>
         <load_address>0xb1c2</load_address>
         <run_address>0xb1c2</run_address>
         <size>0x40</size>
         <input_file_ref idref="fl-3d"/>
      </object_component>
      <object_component id="oc-4ac">
         <name>.text:decompress:ZI:__TI_zero_init_nomemset:__TI_zero_init_nomemset</name>
         <load_address>0xb202</load_address>
         <run_address>0xb202</run_address>
         <size>0x3e</size>
         <input_file_ref idref="fl-3c"/>
      </object_component>
      <object_component id="oc-666">
         <name>.text:l_asr_const</name>
         <load_address>0xb240</load_address>
         <run_address>0xb240</run_address>
         <size>0x3e</size>
         <input_file_ref idref="fl-54"/>
      </object_component>
      <object_component id="oc-67e">
         <name>.text:l_lsl_const</name>
         <load_address>0xb27e</load_address>
         <run_address>0xb27e</run_address>
         <size>0x3e</size>
         <input_file_ref idref="fl-53"/>
      </object_component>
      <object_component id="oc-720">
         <name>.text:l_lsr_const</name>
         <load_address>0xb2bc</load_address>
         <run_address>0xb2bc</run_address>
         <size>0x3e</size>
         <input_file_ref idref="fl-55"/>
      </object_component>
      <object_component id="oc-526">
         <name>.text:__mpu_init</name>
         <load_address>0xb2fa</load_address>
         <run_address>0xb2fa</run_address>
         <size>0x3c</size>
         <input_file_ref idref="fl-58"/>
      </object_component>
      <object_component id="oc-6c">
         <name>.text:decompress:none:__TI_decompress_none</name>
         <load_address>0xb336</load_address>
         <run_address>0xb336</run_address>
         <size>0x3c</size>
         <input_file_ref idref="fl-24"/>
      </object_component>
      <object_component id="oc-609">
         <name>.text</name>
         <load_address>0xb372</load_address>
         <run_address>0xb372</run_address>
         <size>0x36</size>
         <input_file_ref idref="fl-46"/>
      </object_component>
      <object_component id="oc-577">
         <name>.text:lcdPrint</name>
         <load_address>0xb3a8</load_address>
         <run_address>0xb3a8</run_address>
         <size>0x34</size>
         <input_file_ref idref="fl-2"/>
      </object_component>
      <object_component id="oc-5d7">
         <name>.text:lcdWriteNibble</name>
         <load_address>0xb3dc</load_address>
         <run_address>0xb3dc</run_address>
         <size>0x30</size>
         <input_file_ref idref="fl-2"/>
      </object_component>
      <object_component id="oc-686">
         <name>.text:reverse</name>
         <load_address>0xb40c</load_address>
         <run_address>0xb40c</run_address>
         <size>0x30</size>
         <input_file_ref idref="fl-2"/>
      </object_component>
      <object_component id="oc-6c1">
         <name>.text:__mspabi_subd</name>
         <load_address>0xb43c</load_address>
         <run_address>0xb43c</run_address>
         <size>0x2e</size>
         <input_file_ref idref="fl-6b"/>
      </object_component>
      <object_component id="oc-74f">
         <name>.text:copysign</name>
         <load_address>0xb46a</load_address>
         <run_address>0xb46a</run_address>
         <size>0x2e</size>
         <input_file_ref idref="fl-6e"/>
      </object_component>
      <object_component id="oc-621">
         <name>.text</name>
         <load_address>0xb498</load_address>
         <run_address>0xb498</run_address>
         <size>0x2c</size>
         <input_file_ref idref="fl-42"/>
      </object_component>
      <object_component id="oc-6b5">
         <name>.text:__mspabi_negd</name>
         <load_address>0xb4c4</load_address>
         <run_address>0xb4c4</run_address>
         <size>0x2a</size>
         <input_file_ref idref="fl-6a"/>
      </object_component>
      <object_component id="oc-5e4">
         <name>.text</name>
         <load_address>0xb4ee</load_address>
         <run_address>0xb4ee</run_address>
         <size>0x24</size>
         <input_file_ref idref="fl-48"/>
      </object_component>
      <object_component id="oc-71b">
         <name>.text</name>
         <load_address>0xb512</load_address>
         <run_address>0xb512</run_address>
         <size>0x24</size>
         <input_file_ref idref="fl-4e"/>
      </object_component>
      <object_component id="oc-65b">
         <name>.text:i2cPut</name>
         <load_address>0xb536</load_address>
         <run_address>0xb536</run_address>
         <size>0x22</size>
         <input_file_ref idref="fl-2"/>
      </object_component>
      <object_component id="oc-5d1">
         <name>.text:i2cTst</name>
         <load_address>0xb558</load_address>
         <run_address>0xb558</run_address>
         <size>0x1e</size>
         <input_file_ref idref="fl-2"/>
      </object_component>
      <object_component id="oc-5dd">
         <name>.text:lcdWriteByte</name>
         <load_address>0xb576</load_address>
         <run_address>0xb576</run_address>
         <size>0x1c</size>
         <input_file_ref idref="fl-2"/>
      </object_component>
      <object_component id="oc-707">
         <name>.text</name>
         <load_address>0xb592</load_address>
         <run_address>0xb592</run_address>
         <size>0x18</size>
         <input_file_ref idref="fl-4c"/>
      </object_component>
      <object_component id="oc-6e0">
         <name>.text</name>
         <load_address>0xb5aa</load_address>
         <run_address>0xb5aa</run_address>
         <size>0x16</size>
         <input_file_ref idref="fl-43"/>
      </object_component>
      <object_component id="oc-69a">
         <name>.text:l_asr</name>
         <load_address>0xb5c0</load_address>
         <run_address>0xb5c0</run_address>
         <size>0x10</size>
         <input_file_ref idref="fl-54"/>
      </object_component>
      <object_component id="oc-69f">
         <name>.text:l_lsl</name>
         <load_address>0xb5d0</load_address>
         <run_address>0xb5d0</run_address>
         <size>0x10</size>
         <input_file_ref idref="fl-53"/>
      </object_component>
      <object_component id="oc-6a4">
         <name>.text:l_lsr</name>
         <load_address>0xb5e0</load_address>
         <run_address>0xb5e0</run_address>
         <size>0x10</size>
         <input_file_ref idref="fl-55"/>
      </object_component>
      <object_component id="oc-614">
         <name>.text:__mspabi_fltid</name>
         <load_address>0xb5f0</load_address>
         <run_address>0xb5f0</run_address>
         <size>0xc</size>
         <input_file_ref idref="fl-45"/>
      </object_component>
      <object_component id="oc-570">
         <name>.text:lcdResetaCursor</name>
         <load_address>0xb5fc</load_address>
         <run_address>0xb5fc</run_address>
         <size>0xa</size>
         <input_file_ref idref="fl-2"/>
      </object_component>
      <object_component id="oc-549">
         <name>.text</name>
         <load_address>0xb606</load_address>
         <run_address>0xb606</run_address>
         <size>0xa</size>
         <input_file_ref idref="fl-52"/>
      </object_component>
      <object_component id="oc-586">
         <name>.text:abort</name>
         <load_address>0xb610</load_address>
         <run_address>0xb610</run_address>
         <size>0x6</size>
         <input_file_ref idref="fl-5f"/>
      </object_component>
      <object_component id="oc-50e">
         <name>.text:_system_pre_init</name>
         <load_address>0xb616</load_address>
         <run_address>0xb616</run_address>
         <size>0x4</size>
         <input_file_ref idref="fl-5c"/>
      </object_component>
      <object_component id="oc-639">
         <name>.text:_system_post_cinit</name>
         <load_address>0xb61a</load_address>
         <run_address>0xb61a</run_address>
         <size>0x2</size>
         <input_file_ref idref="fl-5b"/>
      </object_component>
      <object_component id="oc-4a6">
         <name>.text:_isr:TB0_CCR0_ISR</name>
         <load_address>0xb61c</load_address>
         <run_address>0xb61c</run_address>
         <size>0x48</size>
         <input_file_ref idref="fl-2"/>
      </object_component>
      <object_component id="oc-4a0">
         <name>.text:_isr:I2C_ISR</name>
         <load_address>0xb664</load_address>
         <run_address>0xb664</run_address>
         <size>0x40</size>
         <input_file_ref idref="fl-2"/>
      </object_component>
      <object_component id="oc-4d6">
         <name>.text:_isr:_c_int00_noargs_mpu</name>
         <load_address>0xb6a4</load_address>
         <run_address>0xb6a4</run_address>
         <size>0x20</size>
         <input_file_ref idref="fl-57"/>
      </object_component>
      <object_component id="oc-49b">
         <name>.text:_isr:__TI_ISR_TRAP</name>
         <load_address>0xb6c4</load_address>
         <run_address>0xb6c4</run_address>
         <size>0x8</size>
         <input_file_ref idref="fl-26"/>
      </object_component>
      <object_component id="oc-4f3">
         <name>.common:UCB0</name>
         <uninitialized>true</uninitialized>
         <run_address>0x2028</run_address>
         <size>0x2</size>
      </object_component>
      <object_component id="oc-504">
         <name>.common:amostras_A0</name>
         <uninitialized>true</uninitialized>
         <run_address>0x2000</run_address>
         <size>0x10</size>
      </object_component>
      <object_component id="oc-505">
         <name>.common:amostras_A1</name>
         <uninitialized>true</uninitialized>
         <run_address>0x2010</run_address>
         <size>0x10</size>
      </object_component>
      <object_component id="oc-4fd">
         <name>.common:adcFinished</name>
         <uninitialized>true</uninitialized>
         <run_address>0x202a</run_address>
         <size>0x2</size>
      </object_component>
      <object_component id="oc-562">
         <name>.common:valor_voltagem_A0</name>
         <uninitialized>true</uninitialized>
         <run_address>0x2020</run_address>
         <size>0x4</size>
      </object_component>
      <object_component id="oc-563">
         <name>.common:valor_voltagem_A1</name>
         <uninitialized>true</uninitialized>
         <run_address>0x2024</run_address>
         <size>0x4</size>
      </object_component>
      <object_component id="oc-56e">
         <name>.common:valor_hex_A0</name>
         <uninitialized>true</uninitialized>
         <run_address>0x202c</run_address>
         <size>0x2</size>
      </object_component>
      <object_component id="oc-56f">
         <name>.common:valor_hex_A1</name>
         <uninitialized>true</uninitialized>
         <run_address>0x202e</run_address>
         <size>0x2</size>
      </object_component>
      <object_component id="oc-4f7">
         <name>.data</name>
         <load_address>0x2030</load_address>
         <run_address>0x2030</run_address>
         <size>0x5</size>
         <input_file_ref idref="fl-2"/>
      </object_component>
      <object_component id="oc-6bb">
         <name>.data</name>
         <load_address>0x2036</load_address>
         <run_address>0x2036</run_address>
         <size>0x2</size>
         <input_file_ref idref="fl-6c"/>
      </object_component>
      <object_component id="oc-480">
         <name>.stack</name>
         <uninitialized>true</uninitialized>
         <run_address>0x2f60</run_address>
         <size>0x2</size>
         <input_file_ref idref="fl-57"/>
      </object_component>
      <object_component id="oc-7ff">
         <name>.stack</name>
         <uninitialized>true</uninitialized>
         <run_address>0x2f60</run_address>
         <size>0x0</size>
      </object_component>
      <object_component id="oc-72">
         <name>.int22</name>
         <load_address>0xffce</load_address>
         <run_address>0xffce</run_address>
         <size>0x2</size>
         <input_file_ref idref="fl-25"/>
      </object_component>
      <object_component id="oc-73">
         <name>.int23</name>
         <load_address>0xffd0</load_address>
         <run_address>0xffd0</run_address>
         <size>0x2</size>
         <input_file_ref idref="fl-27"/>
      </object_component>
      <object_component id="oc-74">
         <name>.int24</name>
         <load_address>0xffd2</load_address>
         <run_address>0xffd2</run_address>
         <size>0x2</size>
         <input_file_ref idref="fl-28"/>
      </object_component>
      <object_component id="oc-75">
         <name>.int25</name>
         <load_address>0xffd4</load_address>
         <run_address>0xffd4</run_address>
         <size>0x2</size>
         <input_file_ref idref="fl-29"/>
      </object_component>
      <object_component id="oc-76">
         <name>.int26</name>
         <load_address>0xffd6</load_address>
         <run_address>0xffd6</run_address>
         <size>0x2</size>
         <input_file_ref idref="fl-2a"/>
      </object_component>
      <object_component id="oc-77">
         <name>.int27</name>
         <load_address>0xffd8</load_address>
         <run_address>0xffd8</run_address>
         <size>0x2</size>
         <input_file_ref idref="fl-2b"/>
      </object_component>
      <object_component id="oc-78">
         <name>.int28</name>
         <load_address>0xffda</load_address>
         <run_address>0xffda</run_address>
         <size>0x2</size>
         <input_file_ref idref="fl-2c"/>
      </object_component>
      <object_component id="oc-79">
         <name>.int29</name>
         <load_address>0xffdc</load_address>
         <run_address>0xffdc</run_address>
         <size>0x2</size>
         <input_file_ref idref="fl-2d"/>
      </object_component>
      <object_component id="oc-7a">
         <name>.int30</name>
         <load_address>0xffde</load_address>
         <run_address>0xffde</run_address>
         <size>0x2</size>
         <input_file_ref idref="fl-2e"/>
      </object_component>
      <object_component id="oc-7b">
         <name>.int31</name>
         <load_address>0xffe0</load_address>
         <run_address>0xffe0</run_address>
         <size>0x2</size>
         <input_file_ref idref="fl-2"/>
      </object_component>
      <object_component id="oc-7c">
         <name>.int32</name>
         <load_address>0xffe2</load_address>
         <run_address>0xffe2</run_address>
         <size>0x2</size>
         <input_file_ref idref="fl-2f"/>
      </object_component>
      <object_component id="oc-7d">
         <name>.int33</name>
         <load_address>0xffe4</load_address>
         <run_address>0xffe4</run_address>
         <size>0x2</size>
         <input_file_ref idref="fl-30"/>
      </object_component>
      <object_component id="oc-7e">
         <name>.int34</name>
         <load_address>0xffe6</load_address>
         <run_address>0xffe6</run_address>
         <size>0x2</size>
         <input_file_ref idref="fl-31"/>
      </object_component>
      <object_component id="oc-7f">
         <name>.int35</name>
         <load_address>0xffe8</load_address>
         <run_address>0xffe8</run_address>
         <size>0x2</size>
         <input_file_ref idref="fl-32"/>
      </object_component>
      <object_component id="oc-80">
         <name>.int36</name>
         <load_address>0xffea</load_address>
         <run_address>0xffea</run_address>
         <size>0x2</size>
         <input_file_ref idref="fl-33"/>
      </object_component>
      <object_component id="oc-81">
         <name>.int37</name>
         <load_address>0xffec</load_address>
         <run_address>0xffec</run_address>
         <size>0x2</size>
         <input_file_ref idref="fl-34"/>
      </object_component>
      <object_component id="oc-82">
         <name>.int38</name>
         <load_address>0xffee</load_address>
         <run_address>0xffee</run_address>
         <size>0x2</size>
         <input_file_ref idref="fl-35"/>
      </object_component>
      <object_component id="oc-83">
         <name>.int39</name>
         <load_address>0xfff0</load_address>
         <run_address>0xfff0</run_address>
         <size>0x2</size>
         <input_file_ref idref="fl-36"/>
      </object_component>
      <object_component id="oc-84">
         <name>.int40</name>
         <load_address>0xfff2</load_address>
         <run_address>0xfff2</run_address>
         <size>0x2</size>
         <input_file_ref idref="fl-37"/>
      </object_component>
      <object_component id="oc-85">
         <name>.int41</name>
         <load_address>0xfff4</load_address>
         <run_address>0xfff4</run_address>
         <size>0x2</size>
         <input_file_ref idref="fl-38"/>
      </object_component>
      <object_component id="oc-86">
         <name>.int42</name>
         <load_address>0xfff6</load_address>
         <run_address>0xfff6</run_address>
         <size>0x2</size>
         <input_file_ref idref="fl-39"/>
      </object_component>
      <object_component id="oc-87">
         <name>.int43</name>
         <load_address>0xfff8</load_address>
         <run_address>0xfff8</run_address>
         <size>0x2</size>
         <input_file_ref idref="fl-2"/>
      </object_component>
      <object_component id="oc-88">
         <name>.int44</name>
         <load_address>0xfffa</load_address>
         <run_address>0xfffa</run_address>
         <size>0x2</size>
         <input_file_ref idref="fl-3a"/>
      </object_component>
      <object_component id="oc-89">
         <name>.int45</name>
         <load_address>0xfffc</load_address>
         <run_address>0xfffc</run_address>
         <size>0x2</size>
         <input_file_ref idref="fl-3b"/>
      </object_component>
      <object_component id="oc-483">
         <name>.reset</name>
         <load_address>0xfffe</load_address>
         <run_address>0xfffe</run_address>
         <size>0x2</size>
         <input_file_ref idref="fl-57"/>
      </object_component>
      <object_component id="oc-4f4">
         <name>.debug_info</name>
         <load_address>0x0</load_address>
         <run_address>0x0</run_address>
         <size>0x6a6</size>
         <input_file_ref idref="fl-2"/>
      </object_component>
      <object_component id="oc-4fb">
         <name>.debug_info</name>
         <load_address>0x6a6</load_address>
         <run_address>0x6a6</run_address>
         <size>0x10d</size>
         <input_file_ref idref="fl-2"/>
      </object_component>
      <object_component id="oc-55d">
         <name>.debug_info</name>
         <load_address>0x7b3</load_address>
         <run_address>0x7b3</run_address>
         <size>0x21a</size>
         <input_file_ref idref="fl-2"/>
      </object_component>
      <object_component id="oc-687">
         <name>.debug_info</name>
         <load_address>0x9cd</load_address>
         <run_address>0x9cd</run_address>
         <size>0x17c</size>
         <input_file_ref idref="fl-2"/>
      </object_component>
      <object_component id="oc-551">
         <name>.debug_info</name>
         <load_address>0xb49</load_address>
         <run_address>0xb49</run_address>
         <size>0x16c</size>
         <input_file_ref idref="fl-2"/>
      </object_component>
      <object_component id="oc-5d2">
         <name>.debug_info</name>
         <load_address>0xcb5</load_address>
         <run_address>0xcb5</run_address>
         <size>0x134</size>
         <input_file_ref idref="fl-2"/>
      </object_component>
      <object_component id="oc-65c">
         <name>.debug_info</name>
         <load_address>0xde9</load_address>
         <run_address>0xde9</run_address>
         <size>0x156</size>
         <input_file_ref idref="fl-2"/>
      </object_component>
      <object_component id="oc-5d8">
         <name>.debug_info</name>
         <load_address>0xf3f</load_address>
         <run_address>0xf3f</run_address>
         <size>0x199</size>
         <input_file_ref idref="fl-2"/>
      </object_component>
      <object_component id="oc-5de">
         <name>.debug_info</name>
         <load_address>0x10d8</load_address>
         <run_address>0x10d8</run_address>
         <size>0x190</size>
         <input_file_ref idref="fl-2"/>
      </object_component>
      <object_component id="oc-557">
         <name>.debug_info</name>
         <load_address>0x1268</load_address>
         <run_address>0x1268</run_address>
         <size>0x1bd</size>
         <input_file_ref idref="fl-2"/>
      </object_component>
      <object_component id="oc-571">
         <name>.debug_info</name>
         <load_address>0x1425</load_address>
         <run_address>0x1425</run_address>
         <size>0x133</size>
         <input_file_ref idref="fl-2"/>
      </object_component>
      <object_component id="oc-4f8">
         <name>.debug_info</name>
         <load_address>0x1558</load_address>
         <run_address>0x1558</run_address>
         <size>0x16d</size>
         <input_file_ref idref="fl-2"/>
      </object_component>
      <object_component id="oc-60f">
         <name>.debug_info</name>
         <load_address>0x16c5</load_address>
         <run_address>0x16c5</run_address>
         <size>0x1cd</size>
         <input_file_ref idref="fl-2"/>
      </object_component>
      <object_component id="oc-57a">
         <name>.debug_info</name>
         <load_address>0x1892</load_address>
         <run_address>0x1892</run_address>
         <size>0x2cc</size>
         <input_file_ref idref="fl-2"/>
      </object_component>
      <object_component id="oc-580">
         <name>.debug_info</name>
         <load_address>0x1b5e</load_address>
         <run_address>0x1b5e</run_address>
         <size>0x243</size>
         <input_file_ref idref="fl-2"/>
      </object_component>
      <object_component id="oc-515">
         <name>.debug_info</name>
         <load_address>0x1da1</load_address>
         <run_address>0x1da1</run_address>
         <size>0x2f0</size>
         <input_file_ref idref="fl-2"/>
      </object_component>
      <object_component id="oc-4ff">
         <name>.debug_info</name>
         <load_address>0x2091</load_address>
         <run_address>0x2091</run_address>
         <size>0x178</size>
         <input_file_ref idref="fl-2"/>
      </object_component>
      <object_component id="oc-4a7">
         <name>.debug_info</name>
         <load_address>0x2209</load_address>
         <run_address>0x2209</run_address>
         <size>0x125</size>
         <input_file_ref idref="fl-2"/>
      </object_component>
      <object_component id="oc-4a1">
         <name>.debug_info</name>
         <load_address>0x232e</load_address>
         <run_address>0x232e</run_address>
         <size>0x111</size>
         <input_file_ref idref="fl-2"/>
      </object_component>
      <object_component id="oc-541">
         <name>.debug_info</name>
         <load_address>0x243f</load_address>
         <run_address>0x243f</run_address>
         <size>0x51</size>
         <input_file_ref idref="fl-2"/>
      </object_component>
      <object_component id="oc-53c">
         <name>.debug_info</name>
         <load_address>0x2490</load_address>
         <run_address>0x2490</run_address>
         <size>0x26b</size>
         <input_file_ref idref="fl-2"/>
      </object_component>
      <object_component id="oc-48a">
         <name>.debug_info</name>
         <load_address>0x26fb</load_address>
         <run_address>0x26fb</run_address>
         <size>0x84</size>
         <input_file_ref idref="fl-2"/>
      </object_component>
      <object_component id="oc-5ca">
         <name>.debug_info</name>
         <load_address>0x277f</load_address>
         <run_address>0x277f</run_address>
         <size>0x275</size>
         <input_file_ref idref="fl-2"/>
      </object_component>
      <object_component id="oc-537">
         <name>.debug_info</name>
         <load_address>0x29f4</load_address>
         <run_address>0x29f4</run_address>
         <size>0xbb</size>
         <input_file_ref idref="fl-2"/>
      </object_component>
      <object_component id="oc-68">
         <name>.debug_info</name>
         <load_address>0x2aaf</load_address>
         <run_address>0x2aaf</run_address>
         <size>0x2b5</size>
         <input_file_ref idref="fl-23"/>
      </object_component>
      <object_component id="oc-530">
         <name>.debug_info</name>
         <load_address>0x2d64</load_address>
         <run_address>0x2d64</run_address>
         <size>0x46</size>
         <input_file_ref idref="fl-23"/>
      </object_component>
      <object_component id="oc-4ea">
         <name>.debug_info</name>
         <load_address>0x2daa</load_address>
         <run_address>0x2daa</run_address>
         <size>0x39</size>
         <input_file_ref idref="fl-23"/>
      </object_component>
      <object_component id="oc-485">
         <name>.debug_info</name>
         <load_address>0x2de3</load_address>
         <run_address>0x2de3</run_address>
         <size>0x60</size>
         <input_file_ref idref="fl-23"/>
      </object_component>
      <object_component id="oc-49a">
         <name>.debug_info</name>
         <load_address>0x2e43</load_address>
         <run_address>0x2e43</run_address>
         <size>0x1d7</size>
         <input_file_ref idref="fl-24"/>
      </object_component>
      <object_component id="oc-6f">
         <name>.debug_info</name>
         <load_address>0x301a</load_address>
         <run_address>0x301a</run_address>
         <size>0x1ef</size>
         <input_file_ref idref="fl-24"/>
      </object_component>
      <object_component id="oc-495">
         <name>.debug_info</name>
         <load_address>0x3209</load_address>
         <run_address>0x3209</run_address>
         <size>0x46</size>
         <input_file_ref idref="fl-24"/>
      </object_component>
      <object_component id="oc-49d">
         <name>.debug_info</name>
         <load_address>0x324f</load_address>
         <run_address>0x324f</run_address>
         <size>0x10f</size>
         <input_file_ref idref="fl-26"/>
      </object_component>
      <object_component id="oc-4ae">
         <name>.debug_info</name>
         <load_address>0x335e</load_address>
         <run_address>0x335e</run_address>
         <size>0x1d0</size>
         <input_file_ref idref="fl-3c"/>
      </object_component>
      <object_component id="oc-508">
         <name>.debug_info</name>
         <load_address>0x352e</load_address>
         <run_address>0x352e</run_address>
         <size>0x46</size>
         <input_file_ref idref="fl-3c"/>
      </object_component>
      <object_component id="oc-490">
         <name>.debug_info</name>
         <load_address>0x3574</load_address>
         <run_address>0x3574</run_address>
         <size>0x121</size>
         <input_file_ref idref="fl-3d"/>
      </object_component>
      <object_component id="oc-5eb">
         <name>.debug_info</name>
         <load_address>0x3695</load_address>
         <run_address>0x3695</run_address>
         <size>0x121</size>
         <input_file_ref idref="fl-3e"/>
      </object_component>
      <object_component id="oc-684">
         <name>.debug_info</name>
         <load_address>0x37b6</load_address>
         <run_address>0x37b6</run_address>
         <size>0x15d</size>
         <input_file_ref idref="fl-3f"/>
      </object_component>
      <object_component id="oc-601">
         <name>.debug_info</name>
         <load_address>0x3913</load_address>
         <run_address>0x3913</run_address>
         <size>0x1a8</size>
         <input_file_ref idref="fl-3f"/>
      </object_component>
      <object_component id="oc-66c">
         <name>.debug_info</name>
         <load_address>0x3abb</load_address>
         <run_address>0x3abb</run_address>
         <size>0xdb</size>
         <input_file_ref idref="fl-3f"/>
      </object_component>
      <object_component id="oc-5f6">
         <name>.debug_info</name>
         <load_address>0x3b96</load_address>
         <run_address>0x3b96</run_address>
         <size>0x199</size>
         <input_file_ref idref="fl-40"/>
      </object_component>
      <object_component id="oc-5f1">
         <name>.debug_info</name>
         <load_address>0x3d2f</load_address>
         <run_address>0x3d2f</run_address>
         <size>0x121</size>
         <input_file_ref idref="fl-41"/>
      </object_component>
      <object_component id="oc-622">
         <name>.debug_info</name>
         <load_address>0x3e50</load_address>
         <run_address>0x3e50</run_address>
         <size>0x135</size>
         <input_file_ref idref="fl-42"/>
      </object_component>
      <object_component id="oc-6e3">
         <name>.debug_info</name>
         <load_address>0x3f85</load_address>
         <run_address>0x3f85</run_address>
         <size>0x121</size>
         <input_file_ref idref="fl-43"/>
      </object_component>
      <object_component id="oc-56b">
         <name>.debug_info</name>
         <load_address>0x40a6</load_address>
         <run_address>0x40a6</run_address>
         <size>0x135</size>
         <input_file_ref idref="fl-44"/>
      </object_component>
      <object_component id="oc-615">
         <name>.debug_info</name>
         <load_address>0x41db</load_address>
         <run_address>0x41db</run_address>
         <size>0x163</size>
         <input_file_ref idref="fl-45"/>
      </object_component>
      <object_component id="oc-60a">
         <name>.debug_info</name>
         <load_address>0x433e</load_address>
         <run_address>0x433e</run_address>
         <size>0x12a</size>
         <input_file_ref idref="fl-46"/>
      </object_component>
      <object_component id="oc-72e">
         <name>.debug_info</name>
         <load_address>0x4468</load_address>
         <run_address>0x4468</run_address>
         <size>0x163</size>
         <input_file_ref idref="fl-47"/>
      </object_component>
      <object_component id="oc-68e">
         <name>.debug_info</name>
         <load_address>0x45cb</load_address>
         <run_address>0x45cb</run_address>
         <size>0x1f0</size>
         <input_file_ref idref="fl-47"/>
      </object_component>
      <object_component id="oc-678">
         <name>.debug_info</name>
         <load_address>0x47bb</load_address>
         <run_address>0x47bb</run_address>
         <size>0x94</size>
         <input_file_ref idref="fl-47"/>
      </object_component>
      <object_component id="oc-5e7">
         <name>.debug_info</name>
         <load_address>0x484f</load_address>
         <run_address>0x484f</run_address>
         <size>0x124</size>
         <input_file_ref idref="fl-48"/>
      </object_component>
      <object_component id="oc-67d">
         <name>.debug_info</name>
         <load_address>0x4973</load_address>
         <run_address>0x4973</run_address>
         <size>0x19a</size>
         <input_file_ref idref="fl-49"/>
      </object_component>
      <object_component id="oc-5fa">
         <name>.debug_info</name>
         <load_address>0x4b0d</load_address>
         <run_address>0x4b0d</run_address>
         <size>0x260</size>
         <input_file_ref idref="fl-49"/>
      </object_component>
      <object_component id="oc-726">
         <name>.debug_info</name>
         <load_address>0x4d6d</load_address>
         <run_address>0x4d6d</run_address>
         <size>0x16a</size>
         <input_file_ref idref="fl-4a"/>
      </object_component>
      <object_component id="oc-673">
         <name>.debug_info</name>
         <load_address>0x4ed7</load_address>
         <run_address>0x4ed7</run_address>
         <size>0x33a</size>
         <input_file_ref idref="fl-4a"/>
      </object_component>
      <object_component id="oc-566">
         <name>.debug_info</name>
         <load_address>0x5211</load_address>
         <run_address>0x5211</run_address>
         <size>0x121</size>
         <input_file_ref idref="fl-4b"/>
      </object_component>
      <object_component id="oc-70a">
         <name>.debug_info</name>
         <load_address>0x5332</load_address>
         <run_address>0x5332</run_address>
         <size>0x130</size>
         <input_file_ref idref="fl-4c"/>
      </object_component>
      <object_component id="oc-71d">
         <name>.debug_info</name>
         <load_address>0x5462</load_address>
         <run_address>0x5462</run_address>
         <size>0x130</size>
         <input_file_ref idref="fl-4e"/>
      </object_component>
      <object_component id="oc-54b">
         <name>.debug_info</name>
         <load_address>0x5592</load_address>
         <run_address>0x5592</run_address>
         <size>0x120</size>
         <input_file_ref idref="fl-52"/>
      </object_component>
      <object_component id="oc-6a2">
         <name>.debug_info</name>
         <load_address>0x56b2</load_address>
         <run_address>0x56b2</run_address>
         <size>0x120</size>
         <input_file_ref idref="fl-53"/>
      </object_component>
      <object_component id="oc-681">
         <name>.debug_info</name>
         <load_address>0x57d2</load_address>
         <run_address>0x57d2</run_address>
         <size>0x126</size>
         <input_file_ref idref="fl-53"/>
      </object_component>
      <object_component id="oc-69c">
         <name>.debug_info</name>
         <load_address>0x58f8</load_address>
         <run_address>0x58f8</run_address>
         <size>0x120</size>
         <input_file_ref idref="fl-54"/>
      </object_component>
      <object_component id="oc-668">
         <name>.debug_info</name>
         <load_address>0x5a18</load_address>
         <run_address>0x5a18</run_address>
         <size>0x126</size>
         <input_file_ref idref="fl-54"/>
      </object_component>
      <object_component id="oc-6a7">
         <name>.debug_info</name>
         <load_address>0x5b3e</load_address>
         <run_address>0x5b3e</run_address>
         <size>0x120</size>
         <input_file_ref idref="fl-55"/>
      </object_component>
      <object_component id="oc-721">
         <name>.debug_info</name>
         <load_address>0x5c5e</load_address>
         <run_address>0x5c5e</run_address>
         <size>0x126</size>
         <input_file_ref idref="fl-55"/>
      </object_component>
      <object_component id="oc-481">
         <name>.debug_info</name>
         <load_address>0x5d84</load_address>
         <run_address>0x5d84</run_address>
         <size>0xfd</size>
         <input_file_ref idref="fl-57"/>
      </object_component>
      <object_component id="oc-4d7">
         <name>.debug_info</name>
         <load_address>0x5e81</load_address>
         <run_address>0x5e81</run_address>
         <size>0x190</size>
         <input_file_ref idref="fl-57"/>
      </object_component>
      <object_component id="oc-528">
         <name>.debug_info</name>
         <load_address>0x6011</load_address>
         <run_address>0x6011</run_address>
         <size>0x1ae</size>
         <input_file_ref idref="fl-58"/>
      </object_component>
      <object_component id="oc-5c5">
         <name>.debug_info</name>
         <load_address>0x61bf</load_address>
         <run_address>0x61bf</run_address>
         <size>0x18b</size>
         <input_file_ref idref="fl-58"/>
      </object_component>
      <object_component id="oc-640">
         <name>.debug_info</name>
         <load_address>0x634a</load_address>
         <run_address>0x634a</run_address>
         <size>0x4a5</size>
         <input_file_ref idref="fl-5a"/>
      </object_component>
      <object_component id="oc-5ac">
         <name>.debug_info</name>
         <load_address>0x67ef</load_address>
         <run_address>0x67ef</run_address>
         <size>0x213</size>
         <input_file_ref idref="fl-5a"/>
      </object_component>
      <object_component id="oc-6fd">
         <name>.debug_info</name>
         <load_address>0x6a02</load_address>
         <run_address>0x6a02</run_address>
         <size>0x39</size>
         <input_file_ref idref="fl-5a"/>
      </object_component>
      <object_component id="oc-714">
         <name>.debug_info</name>
         <load_address>0x6a3b</load_address>
         <run_address>0x6a3b</run_address>
         <size>0x2c</size>
         <input_file_ref idref="fl-5a"/>
      </object_component>
      <object_component id="oc-64b">
         <name>.debug_info</name>
         <load_address>0x6a67</load_address>
         <run_address>0x6a67</run_address>
         <size>0x2c</size>
         <input_file_ref idref="fl-5a"/>
      </object_component>
      <object_component id="oc-702">
         <name>.debug_info</name>
         <load_address>0x6a93</load_address>
         <run_address>0x6a93</run_address>
         <size>0xcd</size>
         <input_file_ref idref="fl-5a"/>
      </object_component>
      <object_component id="oc-63a">
         <name>.debug_info</name>
         <load_address>0x6b60</load_address>
         <run_address>0x6b60</run_address>
         <size>0x14d</size>
         <input_file_ref idref="fl-5b"/>
      </object_component>
      <object_component id="oc-50f">
         <name>.debug_info</name>
         <load_address>0x6cad</load_address>
         <run_address>0x6cad</run_address>
         <size>0x150</size>
         <input_file_ref idref="fl-5c"/>
      </object_component>
      <object_component id="oc-587">
         <name>.debug_info</name>
         <load_address>0x6dfd</load_address>
         <run_address>0x6dfd</run_address>
         <size>0x11f</size>
         <input_file_ref idref="fl-5f"/>
      </object_component>
      <object_component id="oc-6df">
         <name>.debug_info</name>
         <load_address>0x6f1c</load_address>
         <run_address>0x6f1c</run_address>
         <size>0x1c9</size>
         <input_file_ref idref="fl-63"/>
      </object_component>
      <object_component id="oc-6bf">
         <name>.debug_info</name>
         <load_address>0x70e5</load_address>
         <run_address>0x70e5</run_address>
         <size>0xf5</size>
         <input_file_ref idref="fl-63"/>
      </object_component>
      <object_component id="oc-6c8">
         <name>.debug_info</name>
         <load_address>0x71da</load_address>
         <run_address>0x71da</run_address>
         <size>0xf9</size>
         <input_file_ref idref="fl-63"/>
      </object_component>
      <object_component id="oc-6cb">
         <name>.debug_info</name>
         <load_address>0x72d3</load_address>
         <run_address>0x72d3</run_address>
         <size>0xf9</size>
         <input_file_ref idref="fl-63"/>
      </object_component>
      <object_component id="oc-61b">
         <name>.debug_info</name>
         <load_address>0x73cc</load_address>
         <run_address>0x73cc</run_address>
         <size>0x1108</size>
         <input_file_ref idref="fl-63"/>
      </object_component>
      <object_component id="oc-75c">
         <name>.debug_info</name>
         <load_address>0x84d4</load_address>
         <run_address>0x84d4</run_address>
         <size>0x46</size>
         <input_file_ref idref="fl-63"/>
      </object_component>
      <object_component id="oc-6da">
         <name>.debug_info</name>
         <load_address>0x851a</load_address>
         <run_address>0x851a</run_address>
         <size>0x39</size>
         <input_file_ref idref="fl-63"/>
      </object_component>
      <object_component id="oc-736">
         <name>.debug_info</name>
         <load_address>0x8553</load_address>
         <run_address>0x8553</run_address>
         <size>0x19f</size>
         <input_file_ref idref="fl-64"/>
      </object_component>
      <object_component id="oc-695">
         <name>.debug_info</name>
         <load_address>0x86f2</load_address>
         <run_address>0x86f2</run_address>
         <size>0x225</size>
         <input_file_ref idref="fl-64"/>
      </object_component>
      <object_component id="oc-785">
         <name>.debug_info</name>
         <load_address>0x8917</load_address>
         <run_address>0x8917</run_address>
         <size>0x198</size>
         <input_file_ref idref="fl-65"/>
      </object_component>
      <object_component id="oc-730">
         <name>.debug_info</name>
         <load_address>0x8aaf</load_address>
         <run_address>0x8aaf</run_address>
         <size>0x2b9</size>
         <input_file_ref idref="fl-65"/>
      </object_component>
      <object_component id="oc-794">
         <name>.debug_info</name>
         <load_address>0x8d68</load_address>
         <run_address>0x8d68</run_address>
         <size>0x16a</size>
         <input_file_ref idref="fl-66"/>
      </object_component>
      <object_component id="oc-77f">
         <name>.debug_info</name>
         <load_address>0x8ed2</load_address>
         <run_address>0x8ed2</run_address>
         <size>0x1da</size>
         <input_file_ref idref="fl-66"/>
      </object_component>
      <object_component id="oc-6ce">
         <name>.debug_info</name>
         <load_address>0x90ac</load_address>
         <run_address>0x90ac</run_address>
         <size>0x1cc</size>
         <input_file_ref idref="fl-67"/>
      </object_component>
      <object_component id="oc-741">
         <name>.debug_info</name>
         <load_address>0x9278</load_address>
         <run_address>0x9278</run_address>
         <size>0x19a</size>
         <input_file_ref idref="fl-68"/>
      </object_component>
      <object_component id="oc-6aa">
         <name>.debug_info</name>
         <load_address>0x9412</load_address>
         <run_address>0x9412</run_address>
         <size>0x24f</size>
         <input_file_ref idref="fl-68"/>
      </object_component>
      <object_component id="oc-789">
         <name>.debug_info</name>
         <load_address>0x9661</load_address>
         <run_address>0x9661</run_address>
         <size>0x16a</size>
         <input_file_ref idref="fl-69"/>
      </object_component>
      <object_component id="oc-73b">
         <name>.debug_info</name>
         <load_address>0x97cb</load_address>
         <run_address>0x97cb</run_address>
         <size>0x5ba</size>
         <input_file_ref idref="fl-69"/>
      </object_component>
      <object_component id="oc-6b9">
         <name>.debug_info</name>
         <load_address>0x9d85</load_address>
         <run_address>0x9d85</run_address>
         <size>0x160</size>
         <input_file_ref idref="fl-6a"/>
      </object_component>
      <object_component id="oc-6c2">
         <name>.debug_info</name>
         <load_address>0x9ee5</load_address>
         <run_address>0x9ee5</run_address>
         <size>0x1a0</size>
         <input_file_ref idref="fl-6b"/>
      </object_component>
      <object_component id="oc-6bc">
         <name>.debug_info</name>
         <load_address>0xa085</load_address>
         <run_address>0xa085</run_address>
         <size>0xfb</size>
         <input_file_ref idref="fl-6c"/>
      </object_component>
      <object_component id="oc-756">
         <name>.debug_info</name>
         <load_address>0xa180</load_address>
         <run_address>0xa180</run_address>
         <size>0x1a8</size>
         <input_file_ref idref="fl-6d"/>
      </object_component>
      <object_component id="oc-6d5">
         <name>.debug_info</name>
         <load_address>0xa328</load_address>
         <run_address>0xa328</run_address>
         <size>0x1db</size>
         <input_file_ref idref="fl-6d"/>
      </object_component>
      <object_component id="oc-757">
         <name>.debug_info</name>
         <load_address>0xa503</load_address>
         <run_address>0xa503</run_address>
         <size>0x2c</size>
         <input_file_ref idref="fl-6d"/>
      </object_component>
      <object_component id="oc-750">
         <name>.debug_info</name>
         <load_address>0xa52f</load_address>
         <run_address>0xa52f</run_address>
         <size>0x168</size>
         <input_file_ref idref="fl-6e"/>
      </object_component>
      <object_component id="oc-743">
         <name>.debug_info</name>
         <load_address>0xa697</load_address>
         <run_address>0xa697</run_address>
         <size>0x175</size>
         <input_file_ref idref="fl-6f"/>
      </object_component>
      <object_component id="oc-6b0">
         <name>.debug_info</name>
         <load_address>0xa80c</load_address>
         <run_address>0xa80c</run_address>
         <size>0x2fc</size>
         <input_file_ref idref="fl-6f"/>
      </object_component>
      <object_component id="oc-800">
         <name>.debug_info</name>
         <load_address>0xab08</load_address>
         <run_address>0xab08</run_address>
         <size>0xa8</size>
      </object_component>
      <object_component id="oc-536">
         <name>.debug_line</name>
         <load_address>0x0</load_address>
         <run_address>0x0</run_address>
         <size>0xbf</size>
         <input_file_ref idref="fl-2"/>
      </object_component>
      <object_component id="oc-548">
         <name>.debug_line</name>
         <load_address>0xbf</load_address>
         <run_address>0xbf</run_address>
         <size>0x43</size>
         <input_file_ref idref="fl-2"/>
      </object_component>
      <object_component id="oc-560">
         <name>.debug_line</name>
         <load_address>0x102</load_address>
         <run_address>0x102</run_address>
         <size>0x62</size>
         <input_file_ref idref="fl-2"/>
      </object_component>
      <object_component id="oc-68a">
         <name>.debug_line</name>
         <load_address>0x164</load_address>
         <run_address>0x164</run_address>
         <size>0x60</size>
         <input_file_ref idref="fl-2"/>
      </object_component>
      <object_component id="oc-554">
         <name>.debug_line</name>
         <load_address>0x1c4</load_address>
         <run_address>0x1c4</run_address>
         <size>0x5a</size>
         <input_file_ref idref="fl-2"/>
      </object_component>
      <object_component id="oc-5d5">
         <name>.debug_line</name>
         <load_address>0x21e</load_address>
         <run_address>0x21e</run_address>
         <size>0x4f</size>
         <input_file_ref idref="fl-2"/>
      </object_component>
      <object_component id="oc-65f">
         <name>.debug_line</name>
         <load_address>0x26d</load_address>
         <run_address>0x26d</run_address>
         <size>0x51</size>
         <input_file_ref idref="fl-2"/>
      </object_component>
      <object_component id="oc-5db">
         <name>.debug_line</name>
         <load_address>0x2be</load_address>
         <run_address>0x2be</run_address>
         <size>0x4f</size>
         <input_file_ref idref="fl-2"/>
      </object_component>
      <object_component id="oc-5e1">
         <name>.debug_line</name>
         <load_address>0x30d</load_address>
         <run_address>0x30d</run_address>
         <size>0x4d</size>
         <input_file_ref idref="fl-2"/>
      </object_component>
      <object_component id="oc-55a">
         <name>.debug_line</name>
         <load_address>0x35a</load_address>
         <run_address>0x35a</run_address>
         <size>0x59</size>
         <input_file_ref idref="fl-2"/>
      </object_component>
      <object_component id="oc-574">
         <name>.debug_line</name>
         <load_address>0x3b3</load_address>
         <run_address>0x3b3</run_address>
         <size>0x4c</size>
         <input_file_ref idref="fl-2"/>
      </object_component>
      <object_component id="oc-546">
         <name>.debug_line</name>
         <load_address>0x3ff</load_address>
         <run_address>0x3ff</run_address>
         <size>0x5c</size>
         <input_file_ref idref="fl-2"/>
      </object_component>
      <object_component id="oc-612">
         <name>.debug_line</name>
         <load_address>0x45b</load_address>
         <run_address>0x45b</run_address>
         <size>0x6a</size>
         <input_file_ref idref="fl-2"/>
      </object_component>
      <object_component id="oc-57d">
         <name>.debug_line</name>
         <load_address>0x4c5</load_address>
         <run_address>0x4c5</run_address>
         <size>0x65</size>
         <input_file_ref idref="fl-2"/>
      </object_component>
      <object_component id="oc-583">
         <name>.debug_line</name>
         <load_address>0x52a</load_address>
         <run_address>0x52a</run_address>
         <size>0x76</size>
         <input_file_ref idref="fl-2"/>
      </object_component>
      <object_component id="oc-518">
         <name>.debug_line</name>
         <load_address>0x5a0</load_address>
         <run_address>0x5a0</run_address>
         <size>0x63</size>
         <input_file_ref idref="fl-2"/>
      </object_component>
      <object_component id="oc-502">
         <name>.debug_line</name>
         <load_address>0x603</load_address>
         <run_address>0x603</run_address>
         <size>0x66</size>
         <input_file_ref idref="fl-2"/>
      </object_component>
      <object_component id="oc-4aa">
         <name>.debug_line</name>
         <load_address>0x669</load_address>
         <run_address>0x669</run_address>
         <size>0x52</size>
         <input_file_ref idref="fl-2"/>
      </object_component>
      <object_component id="oc-4a4">
         <name>.debug_line</name>
         <load_address>0x6bb</load_address>
         <run_address>0x6bb</run_address>
         <size>0x5e</size>
[...]
      </symbol>
      <symbol id="sm-55a">
         <name>__TI_decompress_none</name>
         <value>0xb336</value>
         <object_component_ref idref="oc-6c"/>
      </symbol>
      <symbol id="sm-55d">
         <name>__TI_int22</name>
         <value>0xffce</value>
         <object_component_ref idref="oc-72"/>
      </symbol>
      <symbol id="sm-565">
         <name>__TI_ISR_TRAP</name>
         <value>0xb6c4</value>
         <object_component_ref idref="oc-49b"/>
      </symbol>
      <symbol id="sm-568">
         <name>__TI_int23</name>
         <value>0xffd0</value>
         <object_component_ref idref="oc-73"/>
      </symbol>
      <symbol id="sm-56b">
         <name>__TI_int24</name>
         <value>0xffd2</value>
         <object_component_ref idref="oc-74"/>
      </symbol>
      <symbol id="sm-56e">
         <name>__TI_int25</name>
         <value>0xffd4</value>
         <object_component_ref idref="oc-75"/>
      </symbol>
      <symbol id="sm-571">
         <name>__TI_int26</name>
         <value>0xffd6</value>
         <object_component_ref idref="oc-76"/>
      </symbol>
      <symbol id="sm-574">
         <name>__TI_int27</name>
         <value>0xffd8</value>
         <object_component_ref idref="oc-77"/>
      </symbol>
      <symbol id="sm-577">
         <name>__TI_int28</name>
         <value>0xffda</value>
         <object_component_ref idref="oc-78"/>
      </symbol>
      <symbol id="sm-57a">
         <name>__TI_int29</name>
         <value>0xffdc</value>
         <object_component_ref idref="oc-79"/>
      </symbol>
      <symbol id="sm-57d">
         <name>__TI_int30</name>
         <value>0xffde</value>
         <object_component_ref idref="oc-7a"/>
      </symbol>
      <symbol id="sm-580">
         <name>__TI_int32</name>
         <value>0xffe2</value>
         <object_component_ref idref="oc-7c"/>
      </symbol>
      <symbol id="sm-583">
         <name>__TI_int33</name>
         <value>0xffe4</value>
         <object_component_ref idref="oc-7d"/>
      </symbol>
      <symbol id="sm-586">
         <name>__TI_int34</name>
         <value>0xffe6</value>
         <object_component_ref idref="oc-7e"/>
      </symbol>
      <symbol id="sm-589">
         <name>__TI_int35</name>
         <value>0xffe8</value>
         <object_component_ref idref="oc-7f"/>
      </symbol>
      <symbol id="sm-58c">
         <name>__TI_int36</name>
         <value>0xffea</value>
         <object_component_ref idref="oc-80"/>
      </symbol>
      <symbol id="sm-58f">
         <name>__TI_int37</name>
         <value>0xffec</value>
         <object_component_ref idref="oc-81"/>
      </symbol>
      <symbol id="sm-592">
         <name>__TI_int38</name>
         <value>0xffee</value>
         <object_component_ref idref="oc-82"/>
      </symbol>
      <symbol id="sm-595">
         <name>__TI_int39</name>
         <value>0xfff0</value>
         <object_component_ref idref="oc-83"/>
      </symbol>
      <symbol id="sm-598">
         <name>__TI_int40</name>
         <value>0xfff2</value>
         <object_component_ref idref="oc-84"/>
      </symbol>
      <symbol id="sm-59b">
         <name>__TI_int41</name>
         <value>0xfff4</value>
         <object_component_ref idref="oc-85"/>
      </symbol>
      <symbol id="sm-59e">
         <name>__TI_int42</name>
         <value>0xfff6</value>
         <object_component_ref idref="oc-86"/>
      </symbol>
      <symbol id="sm-5a1">
         <name>__TI_int44</name>
         <value>0xfffa</value>
         <object_component_ref idref="oc-88"/>
      </symbol>
      <symbol id="sm-5a4">
         <name>__TI_int45</name>
         <value>0xfffc</value>
         <object_component_ref idref="oc-89"/>
      </symbol>
      <symbol id="sm-5b4">
         <name>__TI_zero_init_nomemset</name>
         <value>0xb202</value>
         <object_component_ref idref="oc-4ac"/>
      </symbol>
      <symbol id="sm-5bf">
         <name>__memcpy_far</name>
         <value>0xb1c2</value>
         <object_component_ref idref="oc-48f"/>
      </symbol>
      <symbol id="sm-5da">
         <name>__mspabi_subf</name>
         <value>0xa7a2</value>
         <object_component_ref idref="oc-5e9"/>
      </symbol>
      <symbol id="sm-5db">
         <name>__mspabi_addf</name>
         <value>0xa7a8</value>
         <object_component_ref idref="oc-5e9"/>
      </symbol>
      <symbol id="sm-5f3">
         <name>__mspabi_cvtdf</name>
         <value>0xadc6</value>
         <object_component_ref idref="oc-5ff"/>
      </symbol>
      <symbol id="sm-601">
         <name>__mspabi_cvtfd</name>
         <value>0xafa0</value>
         <object_component_ref idref="oc-5f3"/>
      </symbol>
      <symbol id="sm-613">
         <name>__mspabi_divf</name>
         <value>0xad36</value>
         <object_component_ref idref="oc-5ee"/>
      </symbol>
      <symbol id="sm-61f">
         <name>__mspabi_remi</name>
         <value>0xb498</value>
         <object_component_ref idref="oc-621"/>
      </symbol>
      <symbol id="sm-620">
         <name>__mspabi_divi</name>
         <value>0xb498</value>
         <object_component_ref idref="oc-621"/>
      </symbol>
      <symbol id="sm-62a">
         <name>__mspabi_remu</name>
         <value>0xb5aa</value>
         <object_component_ref idref="oc-6e0"/>
      </symbol>
      <symbol id="sm-62b">
         <name>__mspabi_divu</name>
         <value>0xb5aa</value>
         <object_component_ref idref="oc-6e0"/>
      </symbol>
      <symbol id="sm-63d">
         <name>__mspabi_fixfi</name>
         <value>0xaf38</value>
         <object_component_ref idref="oc-569"/>
      </symbol>
      <symbol id="sm-646">
         <name>__mspabi_fltid</name>
         <value>0xb5f0</value>
         <object_component_ref idref="oc-614"/>
      </symbol>
      <symbol id="sm-653">
         <name>__mspabi_fltif</name>
         <value>0xb372</value>
         <object_component_ref idref="oc-609"/>
      </symbol>
      <symbol id="sm-670">
         <name>__mspabi_fltlid</name>
         <value>0xac04</value>
         <object_component_ref idref="oc-68d"/>
      </symbol>
      <symbol id="sm-67b">
         <name>__mspabi_fltuf</name>
         <value>0xb4ee</value>
         <object_component_ref idref="oc-5e4"/>
      </symbol>
      <symbol id="sm-69c">
         <name>__mspabi_mpyd</name>
         <value>0x9e40</value>
         <object_component_ref idref="oc-5f9"/>
      </symbol>
      <symbol id="sm-6ac">
         <name>__TI_frcmpyd</name>
         <value>0x9bc0</value>
         <object_component_ref idref="oc-671"/>
      </symbol>
      <symbol id="sm-6c3">
         <name>__mspabi_mpyf</name>
         <value>0xaa9a</value>
         <object_component_ref idref="oc-564"/>
      </symbol>
      <symbol id="sm-6cb">
         <name>__mspabi_mpyi_f5hw</name>
         <value>0xb592</value>
         <object_component_ref idref="oc-707"/>
      </symbol>
      <symbol id="sm-6d4">
         <name>__mspabi_mpyl_f5hw</name>
         <value>0xb512</value>
         <object_component_ref idref="oc-71b"/>
      </symbol>
      <symbol id="sm-6e0">
         <name>__mspabi_slli</name>
         <value>0xb606</value>
         <object_component_ref idref="oc-549"/>
      </symbol>
      <symbol id="sm-6f0">
         <name>__mspabi_slll_9</name>
         <value>0xb296</value>
         <object_component_ref idref="oc-67e"/>
      </symbol>
      <symbol id="sm-6f1">
         <name>__mspabi_slll_8</name>
         <value>0xb29a</value>
         <object_component_ref idref="oc-67e"/>
      </symbol>
      <symbol id="sm-6f2">
         <name>__mspabi_slll_7</name>
         <value>0xb29e</value>
         <object_component_ref idref="oc-67e"/>
      </symbol>
      <symbol id="sm-6f3">
         <name>__mspabi_slll_6</name>
         <value>0xb2a2</value>
         <object_component_ref idref="oc-67e"/>
      </symbol>
      <symbol id="sm-6f4">
         <name>__mspabi_slll_5</name>
         <value>0xb2a6</value>
         <object_component_ref idref="oc-67e"/>
      </symbol>
      <symbol id="sm-6f5">
         <name>__mspabi_slll_4</name>
         <value>0xb2aa</value>
         <object_component_ref idref="oc-67e"/>
      </symbol>
      <symbol id="sm-6f6">
         <name>__mspabi_slll_3</name>
         <value>0xb2ae</value>
         <object_component_ref idref="oc-67e"/>
      </symbol>
      <symbol id="sm-6f7">
         <name>__mspabi_slll_2</name>
         <value>0xb2b2</value>
         <object_component_ref idref="oc-67e"/>
      </symbol>
      <symbol id="sm-6f8">
         <name>__mspabi_slll_1</name>
         <value>0xb2b6</value>
         <object_component_ref idref="oc-67e"/>
      </symbol>
      <symbol id="sm-6f9">
         <name>__mspabi_slll</name>
         <value>0xb5d0</value>
         <object_component_ref idref="oc-69f"/>
      </symbol>
      <symbol id="sm-6fa">
         <name>__mspabi_slll_15</name>
         <value>0xb27e</value>
         <object_component_ref idref="oc-67e"/>
      </symbol>
      <symbol id="sm-6fb">
         <name>__mspabi_slll_14</name>
         <value>0xb282</value>
         <object_component_ref idref="oc-67e"/>
      </symbol>
      <symbol id="sm-6fc">
         <name>__mspabi_slll_13</name>
         <value>0xb286</value>
         <object_component_ref idref="oc-67e"/>
      </symbol>
      <symbol id="sm-6fd">
         <name>__mspabi_slll_12</name>
         <value>0xb28a</value>
         <object_component_ref idref="oc-67e"/>
      </symbol>
      <symbol id="sm-6fe">
         <name>__mspabi_slll_11</name>
         <value>0xb28e</value>
         <object_component_ref idref="oc-67e"/>
      </symbol>
      <symbol id="sm-6ff">
         <name>__mspabi_slll_10</name>
         <value>0xb292</value>
         <object_component_ref idref="oc-67e"/>
      </symbol>
      <symbol id="sm-70f">
         <name>__mspabi_sral</name>
         <value>0xb5c0</value>
         <object_component_ref idref="oc-69a"/>
      </symbol>
      <symbol id="sm-710">
         <name>__mspabi_sral_15</name>
         <value>0xb240</value>
         <object_component_ref idref="oc-666"/>
      </symbol>
      <symbol id="sm-711">
         <name>__mspabi_sral_14</name>
         <value>0xb244</value>
         <object_component_ref idref="oc-666"/>
      </symbol>
      <symbol id="sm-712">
         <name>__mspabi_sral_13</name>
         <value>0xb248</value>
         <object_component_ref idref="oc-666"/>
      </symbol>
      <symbol id="sm-713">
         <name>__mspabi_sral_12</name>
         <value>0xb24c</value>
         <object_component_ref idref="oc-666"/>
      </symbol>
      <symbol id="sm-714">
         <name>__mspabi_sral_11</name>
         <value>0xb250</value>
         <object_component_ref idref="oc-666"/>
      </symbol>
      <symbol id="sm-715">
         <name>__mspabi_sral_10</name>
         <value>0xb254</value>
         <object_component_ref idref="oc-666"/>
      </symbol>
      <symbol id="sm-716">
         <name>__mspabi_sral_8</name>
         <value>0xb25c</value>
         <object_component_ref idref="oc-666"/>
      </symbol>
      <symbol id="sm-717">
         <name>__mspabi_sral_9</name>
         <value>0xb258</value>
         <object_component_ref idref="oc-666"/>
      </symbol>
      <symbol id="sm-718">
         <name>__mspabi_sral_6</name>
         <value>0xb264</value>
         <object_component_ref idref="oc-666"/>
      </symbol>
      <symbol id="sm-719">
         <name>__mspabi_sral_7</name>
         <value>0xb260</value>
         <object_component_ref idref="oc-666"/>
      </symbol>
      <symbol id="sm-71a">
         <name>__mspabi_sral_4</name>
         <value>0xb26c</value>
         <object_component_ref idref="oc-666"/>
      </symbol>
      <symbol id="sm-71b">
         <name>__mspabi_sral_5</name>
         <value>0xb268</value>
         <object_component_ref idref="oc-666"/>
      </symbol>
      <symbol id="sm-71c">
         <name>__mspabi_sral_2</name>
         <value>0xb274</value>
         <object_component_ref idref="oc-666"/>
      </symbol>
      <symbol id="sm-71d">
         <name>__mspabi_sral_3</name>
         <value>0xb270</value>
         <object_component_ref idref="oc-666"/>
      </symbol>
      <symbol id="sm-71e">
         <name>__mspabi_sral_1</name>
         <value>0xb278</value>
         <object_component_ref idref="oc-666"/>
      </symbol>
      <symbol id="sm-72e">
         <name>__mspabi_srll_8</name>
         <value>0xb2d8</value>
         <object_component_ref idref="oc-720"/>
      </symbol>
      <symbol id="sm-72f">
         <name>__mspabi_srll_9</name>
         <value>0xb2d4</value>
         <object_component_ref idref="oc-720"/>
      </symbol>
      <symbol id="sm-730">
         <name>__mspabi_srll_6</name>
         <value>0xb2e0</value>
         <object_component_ref idref="oc-720"/>
      </symbol>
      <symbol id="sm-731">
         <name>__mspabi_srll_7</name>
         <value>0xb2dc</value>
         <object_component_ref idref="oc-720"/>
      </symbol>
      <symbol id="sm-732">
         <name>__mspabi_srll_4</name>
         <value>0xb2e8</value>
         <object_component_ref idref="oc-720"/>
      </symbol>
      <symbol id="sm-733">
         <name>__mspabi_srll_5</name>
         <value>0xb2e4</value>
         <object_component_ref idref="oc-720"/>
      </symbol>
      <symbol id="sm-734">
         <name>__mspabi_srll_2</name>
         <value>0xb2f0</value>
         <object_component_ref idref="oc-720"/>
      </symbol>
      <symbol id="sm-735">
         <name>__mspabi_srll_3</name>
         <value>0xb2ec</value>
         <object_component_ref idref="oc-720"/>
      </symbol>
      <symbol id="sm-736">
         <name>__mspabi_srll_1</name>
         <value>0xb2f4</value>
         <object_component_ref idref="oc-720"/>
      </symbol>
      <symbol id="sm-737">
         <name>__mspabi_srll_15</name>
         <value>0xb2bc</value>
         <object_component_ref idref="oc-720"/>
      </symbol>
      <symbol id="sm-738">
         <name>__mspabi_srll_14</name>
         <value>0xb2c0</value>
         <object_component_ref idref="oc-720"/>
      </symbol>
      <symbol id="sm-739">
         <name>__mspabi_srll_13</name>
         <value>0xb2c4</value>
         <object_component_ref idref="oc-720"/>
      </symbol>
      <symbol id="sm-73a">
         <name>__mspabi_srll_12</name>
         <value>0xb2c8</value>
         <object_component_ref idref="oc-720"/>
      </symbol>
      <symbol id="sm-73b">
         <name>__mspabi_srll_11</name>
         <value>0xb2cc</value>
         <object_component_ref idref="oc-720"/>
      </symbol>
      <symbol id="sm-73c">
         <name>__mspabi_srll_10</name>
         <value>0xb2d0</value>
         <object_component_ref idref="oc-720"/>
      </symbol>
      <symbol id="sm-73d">
         <name>__mspabi_srll</name>
         <value>0xb5e0</value>
         <object_component_ref idref="oc-6a4"/>
      </symbol>
      <symbol id="sm-74e">
         <name>_c_int00_noargs_mpu</name>
         <value>0xb6a4</value>
         <object_component_ref idref="oc-4d6"/>
      </symbol>
      <symbol id="sm-74f">
         <name>_stack</name>
         <value>0x2f60</value>
         <object_component_ref idref="oc-480"/>
      </symbol>
      <symbol id="sm-750">
         <name>_reset_vector</name>
         <value>0xfffe</value>
         <object_component_ref idref="oc-483"/>
      </symbol>
      <symbol id="sm-75e">
         <name>__mpu_init</name>
         <value>0xb2fa</value>
         <object_component_ref idref="oc-526"/>
      </symbol>
      <symbol id="sm-781">
         <name>__TI_auto_init_nobinit_nopinit_hold_wdt</name>
         <value>0xaece</value>
         <object_component_ref idref="oc-5aa"/>
      </symbol>
      <symbol id="sm-78a">
         <name>_system_post_cinit</name>
         <value>0xb61a</value>
         <object_component_ref idref="oc-639"/>
      </symbol>
      <symbol id="sm-793">
         <name>_system_pre_init</name>
         <value>0xb616</value>
         <object_component_ref idref="oc-50e"/>
      </symbol>
      <symbol id="sm-79f">
         <name>C$$EXIT</name>
         <value>0xb610</value>
         <object_component_ref idref="oc-586"/>
      </symbol>
      <symbol id="sm-7a0">
         <name>abort</name>
         <value>0xb610</value>
         <object_component_ref idref="oc-586"/>
      </symbol>
      <symbol id="sm-83a">
         <name>pow</name>
         <value>0x8070</value>
         <object_component_ref idref="oc-61a"/>
      </symbol>
      <symbol id="sm-83b">
         <name>powl</name>
         <value>0x8070</value>
         <object_component_ref idref="oc-61a"/>
      </symbol>
      <symbol id="sm-85d">
         <name>__mspabi_addd</name>
         <value>0x9606</value>
         <object_component_ref idref="oc-694"/>
      </symbol>
      <symbol id="sm-87e">
         <name>__TI_frcaddd</name>
         <value>0xa0a4</value>
         <object_component_ref idref="oc-72f"/>
      </symbol>
      <symbol id="sm-892">
         <name>__TI_renormd</name>
         <value>0xab52</value>
         <object_component_ref idref="oc-77e"/>
      </symbol>
      <symbol id="sm-8ac">
         <name>__mspabi_cmpd</name>
         <value>0xa9c2</value>
         <object_component_ref idref="oc-6cd"/>
      </symbol>
      <symbol id="sm-8cd">
         <name>__mspabi_divd</name>
         <value>0xa2ec</value>
         <object_component_ref idref="oc-6a9"/>
      </symbol>
      <symbol id="sm-8e8">
         <name>__TI_frcdivd</name>
         <value>0x91a0</value>
         <object_component_ref idref="oc-73a"/>
      </symbol>
      <symbol id="sm-8f1">
         <name>__mspabi_negd</name>
         <value>0xb4c4</value>
         <object_component_ref idref="oc-6b5"/>
      </symbol>
      <symbol id="sm-8fa">
         <name>__mspabi_subd</name>
         <value>0xb43c</value>
         <object_component_ref idref="oc-6c1"/>
      </symbol>
      <symbol id="sm-901">
         <name>errno</name>
         <value>0x2036</value>
         <object_component_ref idref="oc-6bb"/>
      </symbol>
      <symbol id="sm-91f">
         <name>scalbn</name>
         <value>0xa50c</value>
         <object_component_ref idref="oc-6d3"/>
      </symbol>
      <symbol id="sm-920">
         <name>scalbnl</name>
         <value>0xa50c</value>
         <object_component_ref idref="oc-6d3"/>
      </symbol>
      <symbol id="sm-921">
         <name>ldexpl</name>
         <value>0xa50c</value>
         <object_component_ref idref="oc-6d3"/>
      </symbol>
      <symbol id="sm-922">
         <name>ldexp</name>
         <value>0xa50c</value>
         <object_component_ref idref="oc-6d3"/>
      </symbol>
      <symbol id="sm-92b">
         <name>copysign</name>
         <value>0xb46a</value>
         <object_component_ref idref="oc-74f"/>
      </symbol>
      <symbol id="sm-92c">
         <name>copysignl</name>
         <value>0xb46a</value>
         <object_component_ref idref="oc-74f"/>
      </symbol>
      <symbol id="sm-957">
         <name>sqrtl</name>
         <value>0x98e4</value>
         <object_component_ref idref="oc-6af"/>
      </symbol>
      <symbol id="sm-958">
         <name>sqrt</name>
         <value>0x98e4</value>
         <object_component_ref idref="oc-6af"/>
      </symbol>
   </symbol_table>
   <title>Link successful</title>
</link_info>
